1790349623448	geckodriver	INFO	Listening on 127.0.0.1:54928
1790349623601	mozrunner::runner	INFO	Running command: MOZ_CRASHREPORTER="1" MOZ_CRASHREPORTER_NO_REPORT="1" MOZ_CRASHREPORTER_SHUTDOWN="1" "/Applications/Firefox. ... s" "localhost" "-foreground" "-no-remote" "-profile" "/var/folders/7p/yx5gvr0s39b9w3w67c31zz780000gn/T/rust_mozprofileZwvcq3"
1790349623807	geckodriver::browser	WARN	Couldn't read files from minidumps folder '/var/folders/7p/yx5gvr0s39b9w3w67c31zz780000gn/T/rust_mozprofileZwvcq3/minidumps'
1790349623810	webdriver::server	INFO	Shutting down
xattr: [Errno 1] Operation not permitted: '/Applications/Firefox.app/Contents/CodeResources'
xattr: [Errno 1] Operation not permitted: '/Applications/Firefox.app/Contents/_CodeSignature/CodeResources'
xattr: [Errno 1] Operation not permitted: '/Applications/Firefox.app/Contents/_CodeSignature'
xattr: [Errno 1] Operation not permitted: '/Applications/Firefox.app/Contents/MacOS/firefox'
xattr: [Errno 1] Operation not permitted: '/Applications/Firefox.app/Contents/MacOS/crashhelper'
xattr: [Errno 1] Operation not permitted: '/Applications/Firefox.app/Contents/MacOS/libEGL.dylib'
xattr: [Errno 1] Operation not permitted: '/Applications/Firefox.app/Contents/MacOS/pingsender'
xattr: [Errno 1] Operation not permitted: '/Applications/Firefox.app/Contents/MacOS/libfreebl3.dylib'
xattr: [Errno 1] Operation not permitted: '/Applications/Firefox.app/Contents/MacOS/liblgpllibs.dylib'
xattr: [Errno 1] Operation not permitted: '/Applications/Firefox.app/Contents/MacOS/libmozinference.dylib'
xattr: [Errno 1] Operation not permitted: '/Applications/Firefox.app/Contents/MacOS/plugin-container.app/Contents/_CodeSignature/CodeResources'
xattr: [Errno 1] Operation not permitted: '/Applications/Firefox.app/Contents/MacOS/plugin-container.app/Contents/_CodeSignature'
xattr: [Errno 1] Operation not permitted: '/Applications/Firefox.app/Contents/MacOS/plugin-container.app/Contents/MacOS/plugin-container'
xattr: [Errno 1] Operation not permitted: '/Applications/Firefox.app/Contents/MacOS/plugin-container.app/Contents/MacOS'
xattr: [Errno 1] Operation not permitted: '/Applications/Firefox.app/Contents/MacOS/plugin-container.app/Contents/Resources/English.lproj/InfoPlist.strings'
xattr: [Errno 1] Operation not permitted: '/Applications/Firefox.app/Contents/MacOS/plugin-container.app/Contents/Resources/English.lproj'
xattr: [Errno 1] Operation not permitted: '/Applications/Firefox.app/Contents/MacOS/plugin-container.app/Contents/Resources/plugin-container.sig'
xattr: [Errno 1] Operation not permitted: '/Applications/Firefox.app/Contents/MacOS/plugin-container.app/Contents/Resources'
xattr: [Errno 1] Operation not permitted: '/Applications/Firefox.app/Contents/MacOS/plugin-container.app/Contents/Info.plist'
xattr: [Errno 1] Operation not permitted: '/Applications/Firefox.app/Contents/MacOS/plugin-container.app/Contents/PkgInfo'
xattr: [Errno 1] Operation not permitted: '/Applications/Firefox.app/Contents/MacOS/plugin-container.app/Contents'
xattr: [Errno 1] Operation not permitted: '/Applications/Firefox.app/Contents/MacOS/plugin-container.app'
xattr: [Errno 1] Operation not permitted: '/Applications/Firefox.app/Contents/MacOS/nmhproxy'
xattr: [Errno 1] Operation not permitted: '/Applications/Firefox.app/Contents/MacOS/libsoftokn3.dylib'
xattr: [Errno 1] Operation not permitted: '/Applications/Firefox.app/Contents/MacOS/XUL'
xattr: [Errno 1] Operation not permitted: '/Applications/Firefox.app/Contents/MacOS/libmozavutil.dylib'
xattr: [Errno 1] Operation not permitted: '/Applications/Firefox.app/Contents/MacOS/libmozglue.dylib'
xattr: [Errno 1] Operation not permitted: '/Applications/Firefox.app/Contents/MacOS/libgkcodecs.dylib'
xattr: [Errno 1] Operation not permitted: '/Applications/Firefox.app/Contents/MacOS/crashreporter.app/Contents/_CodeSignature/CodeResources'
xattr: [Errno 1] Operation not permitted: '/Applications/Firefox.app/Contents/MacOS/crashreporter.app/Contents/_CodeSignature'
xattr: [Errno 1] Operation not permitted: '/Applications/Firefox.app/Contents/MacOS/crashreporter.app/Contents/MacOS/crashreporter'
xattr: [Errno 1] Operation not permitted: '/Applications/Firefox.app/Contents/MacOS/crashreporter.app/Contents/MacOS'
xattr: [Errno 1] Operation not permitted: '/Applications/Firefox.app/Contents/MacOS/crashreporter.app/Contents/Resources/English.lproj/InfoPlist.strings'
xattr: [Errno 1] Operation not permitted: '/Applications/Firefox.app/Contents/MacOS/crashreporter.app/Contents/Resources/English.lproj'
xattr: [Errno 1] Operation not permitted: '/Applications/Firefox.app/Contents/MacOS/crashreporter.app/Contents/Resources/crashreporter.icns'
xattr: [Errno 1] Operation not permitted: '/Applications/Firefox.app/Contents/MacOS/crashreporter.app/Contents/Resources'
xattr: [Errno 1] Operation not permitted: '/Applications/Firefox.app/Contents/MacOS/crashreporter.app/Contents/Info.plist'
xattr: [Errno 1] Operation not permitted: '/Applications/Firefox.app/Contents/MacOS/crashreporter.app/Contents/PkgInfo'
xattr: [Errno 1] Operation not permitted: '/Applications/Firefox.app/Contents/MacOS/crashreporter.app/Contents'
xattr: [Errno 1] Operation not permitted: '/Applications/Firefox.app/Contents/MacOS/crashreporter.app'
xattr: [Errno 1] Operation not permitted: '/Applications/Firefox.app/Contents/MacOS/gpu-helper.app/Contents/_CodeSignature/CodeResources'
xattr: [Errno 1] Operation not permitted: '/Applications/Firefox.app/Contents/MacOS/gpu-helper.app/Contents/_CodeSignature'
xattr: [Errno 1] Operation not permitted: '/Applications/Firefox.app/Contents/MacOS/gpu-helper.app/Contents/MacOS/Firefox GPU Helper'
xattr: [Errno 1] Operation not permitted: '/Applications/Firefox.app/Contents/MacOS/gpu-helper.app/Contents/MacOS'
xattr: [Errno 1] Operation not permitted: '/Applications/Firefox.app/Contents/MacOS/gpu-helper.app/Contents/Resources/English.lproj/InfoPlist.strings'
xattr: [Errno 1] Operation not permitted: '/Applications/Firefox.app/Contents/MacOS/gpu-helper.app/Contents/Resources/English.lproj'
xattr: [Errno 1] Operation not permitted: '/Applications/Firefox.app/Contents/MacOS/gpu-helper.app/Contents/Resources'
xattr: [Errno 1] Operation not permitted: '/Applications/Firefox.app/Contents/MacOS/gpu-helper.app/Contents/Info.plist'
xattr: [Errno 1] Operation not permitted: '/Applications/Firefox.app/Contents/MacOS/gpu-helper.app/Contents/PkgInfo'
xattr: [Errno 1] Operation not permitted: '/Applications/Firefox.app/Contents/MacOS/gpu-helper.app/Contents'
xattr: [Errno 1] Operation not permitted: '/Applications/Firefox.app/Contents/MacOS/gpu-helper.app'
xattr: [Errno 1] Operation not permitted: '/Applications/Firefox.app/Contents/MacOS/libmozavcodec.dylib'
xattr: [Errno 1] Operation not permitted: '/Applications/Firefox.app/Contents/MacOS/updater.app/Contents/_CodeSignature/CodeResources'
xattr: [Errno 1] Operation not permitted: '/Applications/Firefox.app/Contents/MacOS/updater.app/Contents/_CodeSignature'
xattr: [Errno 1] Operation not permitted: '/Applications/Firefox.app/Contents/MacOS/updater.app/Contents/MacOS/org.mozilla.updater'
xattr: [Errno 1] Operation not permitted: '/Applications/Firefox.app/Contents/MacOS/updater.app/Contents/MacOS'
xattr: [Errno 1] Operation not permitted: '/Applications/Firefox.app/Contents/MacOS/updater.app/Contents/Resources/English.lproj/MainMenu.nib/classes.nib'
xattr: [Errno 1] Operation not permitted: '/Applications/Firefox.app/Contents/MacOS/updater.app/Contents/Resources/English.lproj/MainMenu.nib/info.nib'
xattr: [Errno 1] Operation not permitted: '/Applications/Firefox.app/Contents/MacOS/updater.app/Contents/Resources/English.lproj/MainMenu.nib/keyedobjects.nib'
xattr: [Errno 1] Operation not permitted: '/Applications/Firefox.app/Contents/MacOS/updater.app/Contents/Resources/English.lproj/MainMenu.nib'
xattr: [Errno 1] Operation not permitted: '/Applications/Firefox.app/Contents/MacOS/updater.app/Contents/Resources/English.lproj/InfoPlist.strings'
xattr: [Errno 1] Operation not permitted: '/Applications/Firefox.app/Contents/MacOS/updater.app/Contents/Resources/English.lproj'
xattr: [Errno 1] Operation not permitted: '/Applications/Firefox.app/Contents/MacOS/updater.app/Contents/Resources/updater.icns'
xattr: [Errno 1] Operation not permitted: '/Applications/Firefox.app/Contents/MacOS/updater.app/Contents/Resources'
xattr: [Errno 1] Operation not permitted: '/Applications/Firefox.app/Contents/MacOS/updater.app/Contents/Frameworks/UpdateSettings.framework/_CodeSignature/CodeResources'
xattr: [Errno 1] Operation not permitted: '/Applications/Firefox.app/Contents/MacOS/updater.app/Contents/Frameworks/UpdateSettings.framework/_CodeSignature'
xattr: [Errno 1] Operation not permitted: '/Applications/Firefox.app/Contents/MacOS/updater.app/Contents/Frameworks/UpdateSettings.framework/UpdateSettings'
xattr: [Errno 1] Operation not permitted: '/Applications/Firefox.app/Contents/MacOS/updater.app/Contents/Frameworks/UpdateSettings.framework/Resources/Info.plist'
xattr: [Errno 1] Operation not permitted: '/Applications/Firefox.app/Contents/MacOS/updater.app/Contents/Frameworks/UpdateSettings.framework/Resources'
xattr: [Errno 1] Operation not permitted: '/Applications/Firefox.app/Contents/MacOS/updater.app/Contents/Frameworks/UpdateSettings.framework'
xattr: [Errno 1] Operation not permitted: '/Applications/Firefox.app/Contents/MacOS/updater.app/Contents/Frameworks'
xattr: [Errno 1] Operation not permitted: '/Applications/Firefox.app/Contents/MacOS/updater.app/Contents/Info.plist'
xattr: [Errno 1] Operation not permitted: '/Applications/Firefox.app/Contents/MacOS/updater.app/Contents/PkgInfo'
xattr: [Errno 1] Operation not permitted: '/Applications/Firefox.app/Contents/MacOS/updater.app/Contents'
xattr: [Errno 1] Operation not permitted: '/Applications/Firefox.app/Contents/MacOS/updater.app'
xattr: [Errno 1] Operation not permitted: '/Applications/Firefox.app/Contents/MacOS/libGLESv2.dylib'
xattr: [Errno 1] Operation not permitted: '/Applications/Firefox.app/Contents/MacOS/media-plugin-helper.app/Contents/_CodeSignature/CodeResources'
xattr: [Errno 1] Operation not permitted: '/Applications/Firefox.app/Contents/MacOS/media-plugin-helper.app/Contents/_CodeSignature'
xattr: [Errno 1] Operation not permitted: '/Applications/Firefox.app/Contents/MacOS/media-plugin-helper.app/Contents/MacOS/Firefox Media Plugin Helper'
xattr: [Errno 1] Operation not permitted: '/Applications/Firefox.app/Contents/MacOS/media-plugin-helper.app/Contents/MacOS'
xattr: [Errno 1] Operation not permitted: '/Applications/Firefox.app/Contents/MacOS/media-plugin-helper.app/Contents/Resources/English.lproj/InfoPlist.strings'
xattr: [Errno 1] Operation not permitted: '/Applications/Firefox.app/Contents/MacOS/media-plugin-helper.app/Contents/Resources/English.lproj'
xattr: [Errno 1] Operation not permitted: '/Applications/Firefox.app/Contents/MacOS/media-plugin-helper.app/Contents/Resources/Firefox Media Plugin Helper.sig'
xattr: [Errno 1] Operation not permitted: '/Applications/Firefox.app/Contents/MacOS/media-plugin-helper.app/Contents/Resources'
xattr: [Errno 1] Operation not permitted: '/Applications/Firefox.app/Contents/MacOS/media-plugin-helper.app/Contents/Info.plist'
xattr: [Errno 1] Operation not permitted: '/Applications/Firefox.app/Contents/MacOS/media-plugin-helper.app/Contents/PkgInfo'
xattr: [Errno 1] Operation not permitted: '/Applications/Firefox.app/Contents/MacOS/media-plugin-helper.app/Contents'
xattr: [Errno 1] Operation not permitted: '/Applications/Firefox.app/Contents/MacOS/media-plugin-helper.app'
xattr: [Errno 1] Operation not permitted: '/Applications/Firefox.app/Contents/MacOS/libonnxruntime.dylib'
xattr: [Errno 1] Operation not permitted: '/Applications/Firefox.app/Contents/MacOS/libnss3.dylib'
xattr: [Errno 1] Operation not permitted: '/Applications/Firefox.app/Contents/MacOS'
xattr: [Errno 1] Operation not permitted: '/Applications/Firefox.app/Contents/Resources/removed-files'
xattr: [Errno 1] Operation not permitted: '/Applications/Firefox.app/Contents/Resources/res/MainMenu.nib/classes.nib'
xattr: [Errno 1] Operation not permitted: '/Applications/Firefox.app/Contents/Resources/res/MainMenu.nib/info.nib'
xattr: [Errno 1] Operation not permitted: '/Applications/Firefox.app/Contents/Resources/res/MainMenu.nib/keyedobjects.nib'
xattr: [Errno 1] Operation not permitted: '/Applications/Firefox.app/Contents/Resources/res/MainMenu.nib'
xattr: [Errno 1] Operation not permitted: '/Applications/Firefox.app/Contents/Resources/res/cursors/sizeNWSE@2x.png'
xattr: [Errno 1] Operation not permitted: '/Applications/Firefox.app/Contents/Resources/res/cursors/sizeNS.png'
xattr: [Errno 1] Operation not permitted: '/Applications/Firefox.app/Contents/Resources/res/cursors/sizeNESW@2x.png'
xattr: [Errno 1] Operation not permitted: '/Applications/Firefox.app/Contents/Resources/res/cursors/sizeNE.png'
xattr: [Errno 1] Operation not permitted: '/Applications/Firefox.app/Contents/Resources/res/cursors/sizeNW.png'
xattr: [Errno 1] Operation not permitted: '/Applications/Firefox.app/Contents/Resources/res/cursors/sizeNESW.png'
xattr: [Errno 1] Operation not permitted: '/Applications/Firefox.app/Contents/Resources/res/cursors/arrowS@2x.png'
xattr: [Errno 1] Operation not permitted: '/Applications/Firefox.app/Contents/Resources/res/cursors/move.png'
xattr: [Errno 1] Operation not permitted: '/Applications/Firefox.app/Contents/Resources/res/cursors/move@2x.png'
xattr: [Errno 1] Operation not permitted: '/Applications/Firefox.app/Contents/Resources/res/cursors/arrowS.png'
xattr: [Errno 1] Operation not permitted: '/Applications/Firefox.app/Contents/Resources/res/cursors/cell.png'
xattr: [Errno 1] Operation not permitted: '/Applications/Firefox.app/Contents/Resources/res/cursors/sizeSE@2x.png'
xattr: [Errno 1] Operation not permitted: '/Applications/Firefox.app/Contents/Resources/res/cursors/sizeNWSE.png'
xattr: [Errno 1] Operation not permitted: '/Applications/Firefox.app/Contents/Resources/res/cursors/zoomIn@2x.png'
xattr: [Errno 1] Operation not permitted: '/Applications/Firefox.app/Contents/Resources/res/cursors/sizeNS@2x.png'
xattr: [Errno 1] Operation not permitted: '/Applications/Firefox.app/Contents/Resources/res/cursors/help.png'
xattr: [Errno 1] Operation not permitted: '/Applications/Firefox.app/Contents/Resources/res/cursors/zoomOut.png'
xattr: [Errno 1] Operation not permitted: '/Applications/Firefox.app/Contents/Resources/res/cursors/sizeSE.png'
xattr: [Errno 1] Operation not permitted: '/Applications/Firefox.app/Contents/Resources/res/cursors/help@2x.png'
xattr: [Errno 1] Operation not permitted: '/Applications/Firefox.app/Contents/Resources/res/cursors/sizeNE@2x.png'
xattr: [Errno 1] Operation not permitted: '/Applications/Firefox.app/Contents/Resources/res/cursors/sizeSW.png'
xattr: [Errno 1] Operation not permitted: '/Applications/Firefox.app/Contents/Resources/res/cursors/arrowN.png'
xattr: [Errno 1] Operation not permitted: '/Applications/Firefox.app/Contents/Resources/res/cursors/zoomOut@2x.png'
xattr: [Errno 1] Operation not permitted: '/Applications/Firefox.app/Contents/Resources/res/cursors/arrowN@2x.png'
xattr: [Errno 1] Operation not permitted: '/Applications/Firefox.app/Contents/Resources/res/cursors/sizeSW@2x.png'
xattr: [Errno 1] Operation not permitted: '/Applications/Firefox.app/Contents/Resources/res/cursors/zoomIn.png'
xattr: [Errno 1] Operation not permitted: '/Applications/Firefox.app/Contents/Resources/res/cursors/cell@2x.png'
xattr: [Errno 1] Operation not permitted: '/Applications/Firefox.app/Contents/Resources/res/cursors/sizeNW@2x.png'
xattr: [Errno 1] Operation not permitted: '/Applications/Firefox.app/Contents/Resources/res/cursors'
xattr: [Errno 1] Operation not permitted: '/Applications/Firefox.app/Contents/Resources/res'
xattr: [Errno 1] Operation not permitted: '/Applications/Firefox.app/Contents/Resources/en.lproj/InfoPlist.strings'
xattr: [Errno 1] Operation not permitted: '/Applications/Firefox.app/Contents/Resources/en.lproj'
xattr: [Errno 1] Operation not permitted: '/Applications/Firefox.app/Contents/Resources/firefox.icns'
xattr: [Errno 1] Operation not permitted: '/Applications/Firefox.app/Contents/Resources/updater.ini'
xattr: [Errno 1] Operation not permitted: '/Applications/Firefox.app/Contents/Resources/document.icns'
xattr: [Errno 1] Operation not permitted: '/Applications/Firefox.app/Contents/Resources/omni.ja'
xattr: [Errno 1] Operation not permitted: '/Applications/Firefox.app/Contents/Resources/XUL.sig'
xattr: [Errno 1] Operation not permitted: '/Applications/Firefox.app/Contents/Resources/platform.ini'
xattr: [Errno 1] Operation not permitted: '/Applications/Firefox.app/Contents/Resources/precomplete'
xattr: [Errno 1] Operation not permitted: '/Applications/Firefox.app/Contents/Resources/browser/omni.ja'
xattr: [Errno 1] Operation not permitted: '/Applications/Firefox.app/Contents/Resources/browser'
xattr: [Errno 1] Operation not permitted: '/Applications/Firefox.app/Contents/Resources/Assets.car'
xattr: [Errno 1] Operation not permitted: '/Applications/Firefox.app/Contents/Resources/firefox.sig'
xattr: [Errno 1] Operation not permitted: '/Applications/Firefox.app/Contents/Resources/gmp-clearkey/0.1/libclearkey.dylib.sig'
xattr: [Errno 1] Operation not permitted: '/Applications/Firefox.app/Contents/Resources/gmp-clearkey/0.1/manifest.json'
xattr: [Errno 1] Operation not permitted: '/Applications/Firefox.app/Contents/Resources/gmp-clearkey/0.1/libclearkey.dylib'
xattr: [Errno 1] Operation not permitted: '/Applications/Firefox.app/Contents/Resources/gmp-clearkey/0.1'
xattr: [Errno 1] Operation not permitted: '/Applications/Firefox.app/Contents/Resources/gmp-clearkey'
xattr: [Errno 1] Operation not permitted: '/Applications/Firefox.app/Contents/Resources/dependentlibs.list'
xattr: [Errno 1] Operation not permitted: '/Applications/Firefox.app/Contents/Resources/application.ini'
xattr: [Errno 1] Operation not permitted: '/Applications/Firefox.app/Contents/Resources'
xattr: [Errno 1] Operation not permitted: '/Applications/Firefox.app/Contents/Library/LaunchServices/org.mozilla.dmgInstallHelper'
xattr: [Errno 1] Operation not permitted: '/Applications/Firefox.app/Contents/Library/LaunchServices/org.mozilla.updater'
xattr: [Errno 1] Operation not permitted: '/Applications/Firefox.app/Contents/Library/LaunchServices'
xattr: [Errno 1] Operation not permitted: '/Applications/Firefox.app/Contents/Library'
xattr: [Errno 1] Operation not permitted: '/Applications/Firefox.app/Contents/embedded.provisionprofile'
xattr: [Errno 1] Operation not permitted: '/Applications/Firefox.app/Contents/Frameworks/ChannelPrefs.framework/_CodeSignature/CodeResources'
xattr: [Errno 1] Operation not permitted: '/Applications/Firefox.app/Contents/Frameworks/ChannelPrefs.framework/_CodeSignature'
xattr: [Errno 1] Operation not permitted: '/Applications/Firefox.app/Contents/Frameworks/ChannelPrefs.framework/Resources/Info.plist'
xattr: [Errno 1] Operation not permitted: '/Applications/Firefox.app/Contents/Frameworks/ChannelPrefs.framework/Resources'
xattr: [Errno 1] Operation not permitted: '/Applications/Firefox.app/Contents/Frameworks/ChannelPrefs.framework/ChannelPrefs'
xattr: [Errno 1] Operation not permitted: '/Applications/Firefox.app/Contents/Frameworks/ChannelPrefs.framework'
xattr: [Errno 1] Operation not permitted: '/Applications/Firefox.app/Contents/Frameworks'
xattr: [Errno 1] Operation not permitted: '/Applications/Firefox.app/Contents/Info.plist'
xattr: [Errno 1] Operation not permitted: '/Applications/Firefox.app/Contents/PkgInfo'
xattr: [Errno 1] Operation not permitted: '/Applications/Firefox.app/Contents'
xattr: [Errno 1] Operation not permitted: '/Applications/Firefox.app'
