1790356121377	geckodriver	INFO	Listening on 127.0.0.1:50920
1790356121392	mozrunner::runner	INFO	Running command: MOZ_CRASHREPORTER="1" MOZ_CRASHREPORTER_NO_REPORT="1" MOZ_CRASHREPORTER_SHUTDOWN="1" "/Applications/Firefox. ... s" "localhost" "-foreground" "-no-remote" "-profile" "/var/folders/7p/yx5gvr0s39b9w3w67c31zz780000gn/T/rust_mozprofileDMcJtG"
1790356121595	Marionette	INFO	Marionette enabled
2026-09-25 17:08:41.624 Firefox GPU Helper[5400:92764] Failure on line 688 in function id scheduleApplicationNotification(LSNotificationCode, NSWorkspaceNotificationCenter *): noErr == _LSModifyNotification(notificationID, 1, &code, 0, NULL, NULL, NULL)
2026-09-25 17:08:41.669 Firefox GPU Helper[5400:92779] Connection Invalid error for service com.apple.hiservices-xpcservice.
2026-09-25 17:08:41.669 Firefox GPU Helper[5400:92764] Error received in message reply handler: Connection invalid
1790356121857	Marionette	INFO	Listening on port 50927
WebDriver BiDi listening on ws://127.0.0.1:50921
Read port: 50927
1790356121919	RemoteAgent	WARN	TLS certificate errors will be ignored for this session
UNSUPPORTED (log once): POSSIBLE ISSUE: unit 1 GLD_TEXTURE_INDEX_2D is unloadable and bound to sampler type (Float) - using zero texture because texture unloadable
console.error: "Experiment desktop-release-rollout-show-relay-to-all-browsers-next-sign-up-modal-cta has unknown featureId: email-autocomplete-relay"
console.error: "Experiment visual-card-updates has unknown featureId: newtabRefinedCardsLayout"
console.error: "Experiment enable-nimbus-unenrollment-synchronization has unknown featureId: nimbusStore"
console.error: "Experiment private-window-visual-refresh-design-change-only has unknown featureId: feltPrivacy"
console.warn: LoginRecipes: "Falling back to a synchronous message for: https://www.saucedemo.com."
console.warn: LoginRecipes: "Falling back to a synchronous message for: https://www.saucedemo.com."
1790356148080	webdriver::server	INFO	Shutting down
1790356148080	Marionette	INFO	Stopped listening on port 50927
JavaScript error: resource://gre/modules/PrivateBrowsingUtils.sys.mjs, line 50: TypeError: can't access property "QueryInterface", aWindow.docShell is null
