1790357475468	geckodriver	INFO	Listening on 127.0.0.1:51727
1790357475482	mozrunner::runner	INFO	Running command: MOZ_CRASHREPORTER="1" MOZ_CRASHREPORTER_NO_REPORT="1" MOZ_CRASHREPORTER_SHUTDOWN="1" "/Applications/Firefox. ... s" "localhost" "-foreground" "-no-remote" "-profile" "/var/folders/7p/yx5gvr0s39b9w3w67c31zz780000gn/T/rust_mozprofileZM5a6F"
1790357475704	Marionette	INFO	Marionette enabled
2026-09-25 17:31:15.732 Firefox GPU Helper[7998:117969] Failure on line 688 in function id scheduleApplicationNotification(LSNotificationCode, NSWorkspaceNotificationCenter *): noErr == _LSModifyNotification(notificationID, 1, &code, 0, NULL, NULL, NULL)
2026-09-25 17:31:15.788 Firefox GPU Helper[7998:117983] Connection Invalid error for service com.apple.hiservices-xpcservice.
2026-09-25 17:31:15.788 Firefox GPU Helper[7998:117969] Error received in message reply handler: Connection invalid
1790357475969	Marionette	INFO	Listening on port 51736
WebDriver BiDi listening on ws://127.0.0.1:51728
Read port: 51736
1790357476012	RemoteAgent	WARN	TLS certificate errors will be ignored for this session
UNSUPPORTED (log once): POSSIBLE ISSUE: unit 1 GLD_TEXTURE_INDEX_2D is unloadable and bound to sampler type (Float) - using zero texture because texture unloadable
console.error: "Experiment desktop-release-rollout-show-relay-to-all-browsers-next-sign-up-modal-cta has unknown featureId: email-autocomplete-relay"
console.error: "Experiment visual-card-updates has unknown featureId: newtabRefinedCardsLayout"
console.error: "Experiment enable-nimbus-unenrollment-synchronization has unknown featureId: nimbusStore"
console.error: "Experiment private-window-visual-refresh-design-change-only has unknown featureId: feltPrivacy"
console.warn: LoginRecipes: "Falling back to a synchronous message for: https://www.saucedemo.com."
console.warn: LoginRecipes: "Falling back to a synchronous message for: https://www.saucedemo.com."
1790357498849	webdriver::server	INFO	Shutting down
1790357498849	Marionette	INFO	Stopped listening on port 51736
JavaScript error: resource://gre/modules/PrivateBrowsingUtils.sys.mjs, line 50: TypeError: can't access property "QueryInterface", aWindow.docShell is null
